# RTL_ID 22011200
#
# Events:
#    N - no event
#    E - exception
#    I - interrupt
#    W - wakeup
# =====================================================================================
# : Core Reset
# =====================================================================================
# Test: sbreak.hex
#           Time   Ev  Curr_PC    Instr      Next_PC    Reg        Value     
# =====================================================================================
               3   N   00000000   00000000   00000800   ---        --------
               6   N   00000800   0000e101   00000804   x10_a0     00000000
               7   N   00000804   00004e01   00000806   ---        --------
               8   N   00000806   00000297   00000808   x28_t3     00000000
               9   N   00000808   eb828293   0000080c   x05_t0     00000808
              10   N   0000080c   30529073   00000810   x05_t0     000006c0
              11   N   00000810   00004505   00000814   ---        --------
              12   N   00000814   0000057e   00000816   x10_a0     00000001
              13   N   00000816   00054863   00000818   x10_a0     80000000
              14   N   00000818   0ff0000f   00000828   ---        --------
              17   N   00000828   00028f63   0000082c   x05_t0     00000000
              18   N   0000082c   10529073   0000084a   ---        --------
              22   N   0000084a   00006509   0000084e   ---        --------
              23   N   0000084e   00006509   0000084e   ---        --------
              24   N   0000084e   80050513   00000850   x10_a0     00002000
              25   N   00000850   30052073   00000854   x10_a0     00001800
              26   N   00000854   00001297   00000858   ---        --------
              27   N   00000858   00001297   00000858   ---        --------
              28   N   00000858   83028293   0000085c   x05_t0     00001858
              29   N   0000085c   34129073   00000860   x05_t0     00001088
              30   N   00000860   f1402573   00000864   ---        --------
              31   N   00000864   30200073   00000868   x10_a0     00000000
              33   N   00000868   00000000   00001088   ---        --------
              36   N   00001088   00009002   0000108a   x28_t3     00000002
              37   E   0000108a   0000a019   000006c0   mstatus    00001800
              37   E   0000108a   0000a019   000006c0   mepc       0000108a
              37   E   0000108a   0000a019   000006c0   mcause     00000003
              37   E   0000108a   0000a019   000006c0   mtval      00000000
              40   N   000006c0   000047a1   000006c4   x14_a4     00000003
              41   N   000006c4   04f70263   000006c6   x15_a5     00000008
              42   N   000006c6   000047a5   000006ca   ---        --------
              43   N   000006ca   02f70f63   000006cc   x15_a5     00000009
              44   N   000006cc   000047ad   000006d0   ---        --------
              45   N   000006d0   02f70c63   000006d2   x15_a5     0000000b
              46   N   000006d2   47ad0837   000006d6   ---        --------
              48   N   000006d6   02f71897   000006da   x16_a6     f0000000
              50   N   000006da   f0008893   000006de   x17_a7     000016da
              52   N   000006de   00008783   000006e2   x17_a7     00001080
              55   N   000006e2   0000c791   000006e6   x15_a5     00000062
              56   N   000006e6   00f82023   000006e8   ---        --------
              58   N   000006e8   00000885   000006ec   ---        --------
              59   N   000006ec   ff5ff06f   000006ee   x17_a7     00001081
              60   N   000006ee   08851717   000006e2   ---        --------
              65   N   000006e2   0000c791   000006e6   x15_a5     00000072
              66   N   000006e6   00f82023   000006e8   ---        --------
              68   N   000006e8   00000885   000006ec   ---        --------
              69   N   000006ec   ff5ff06f   000006ee   x17_a7     00001082
              70   N   000006ee   08851717   000006e2   ---        --------
              75   N   000006e2   0000c791   000006e6   x15_a5     00000065
              76   N   000006e6   00f82023   000006e8   ---        --------
              78   N   000006e8   00000885   000006ec   ---        --------
              79   N   000006ec   ff5ff06f   000006ee   x17_a7     00001083
              80   N   000006ee   08851717   000006e2   ---        --------
              85   N   000006e2   0000c791   000006e6   x15_a5     00000061
              86   N   000006e6   00f82023   000006e8   ---        --------
              88   N   000006e8   00000885   000006ec   ---        --------
              89   N   000006ec   ff5ff06f   000006ee   x17_a7     00001084
              90   N   000006ee   08851717   000006e2   ---        --------
              95   N   000006e2   0000c791   000006e6   x15_a5     0000006b
              96   N   000006e6   00f82023   000006e8   ---        --------
              98   N   000006e8   00000885   000006ec   ---        --------
              99   N   000006ec   ff5ff06f   000006ee   x17_a7     00001085
             100   N   000006ee   08851717   000006e2   ---        --------
             105   N   000006e2   0000c791   000006e6   x15_a5     0000000a
             106   N   000006e6   00f82023   000006e8   ---        --------
             108   N   000006e8   00000885   000006ec   ---        --------
             109   N   000006ec   ff5ff06f   000006ee   x17_a7     00001086
             110   N   000006ee   08851717   000006e2   ---        --------
             115   N   000006e2   0000c791   000006e6   x15_a5     00000020
             116   N   000006e6   00f82023   000006e8   ---        --------
             118   N   000006e8   00000885   000006ec   ---        --------
             119   N   000006ec   ff5ff06f   000006ee   x17_a7     00001087
             120   N   000006ee   08851717   000006e2   ---        --------
             125   N   000006e2   0000c791   000006e6   x15_a5     00000000
             126   N   000006e6   00f82023   000006f2   ---        --------
             130   N   000006f2   20230713   000006f6   x14_a4     000016f2
             132   N   000006f6   0000c311   000006fa   x14_a4     000010ac
             133   N   000006fa   00008702   000006fc   ---        --------
             134   N   000006fc   34202773   000010ac   ---        --------
             137   N   000010ac   342022f3   000010ae   x06_t1     00000003
             138   N   000010ae   430d90e3   000010b2   x05_t0     00000003
             140   N   000010b2   34200317   000010b6   ---        --------
             142   N   000010b6   fe620313   000010ba   x06_t1     000010b6
             144   N   000010ba   000022f3   000010be   x06_t1     0000108a
             146   N   000010be   fd4398e3   000010c2   x05_t0     0000108a
             148   N   000010c2   0000bfe1   000010c6   ---        --------
             149   N   000010c6   00000073   0000109e   ---        --------
             153   N   0000109e   000085f2   000010a2   ---        --------
             154   N   000010a2   00004501   000010a4   x11_a1     00000002
             155   N   000010a4   00000073   000010a6   x10_a0     00000000
             156   E   000010a6   00000001   000006c0   mstatus    00001800
             156   E   000010a6   00000001   000006c0   mepc       000010a6
             156   E   000010a6   00000001   000006c0   mcause     0000000b
             156   E   000010a6   00000001   000006c0   mtval      00000000
             159   N   000006c0   000047a1   000006c4   x14_a4     0000000b
             160   N   000006c4   04f70263   000006c6   x15_a5     00000008
             161   N   000006c6   000047a5   000006ca   ---        --------
             162   N   000006ca   02f70f63   000006cc   x15_a5     00000009
             163   N   000006cc   000047ad   000006d0   ---        --------
             164   N   000006d0   02f70c63   000006d2   x15_a5     0000000b
             165   N   000006d2   47ad0837   0000070a   ---        --------
             169   N   0000070a   08370013   000010e0   ---        --------
             172   N   000010e0   01428293   000010e4   x05_t0     000000e0
             173   N   000010e4   00008282   000010e8   x05_t0     000000f4
             174   N   000010e8   00000013   000000f4   ---        --------
             177   N   000000f4   0000006f   000000f8   ---        --------
             178   N   000000f8   ffffffff   000000f8   ---        --------
